mode: set
github.com/btc/drill/v0/frontend/node_modules/flatted/golang/pkg/flatted/flatted.go:16.68,21.30 4 0
github.com/btc/drill/v0/frontend/node_modules/flatted/golang/pkg/flatted/flatted.go:21.30,27.3 5 0
github.com/btc/drill/v0/frontend/node_modules/flatted/golang/pkg/flatted/flatted.go:29.2,29.28 1 0
github.com/btc/drill/v0/frontend/node_modules/flatted/golang/pkg/flatted/flatted.go:29.28,30.15 1 0
github.com/btc/drill/v0/frontend/node_modules/flatted/golang/pkg/flatted/flatted.go:30.15,32.4 1 0
github.com/btc/drill/v0/frontend/node_modules/flatted/golang/pkg/flatted/flatted.go:33.3,35.100 3 0
github.com/btc/drill/v0/frontend/node_modules/flatted/golang/pkg/flatted/flatted.go:35.100,36.32 1 0
github.com/btc/drill/v0/frontend/node_modules/flatted/golang/pkg/flatted/flatted.go:36.32,37.31 1 0
github.com/btc/drill/v0/frontend/node_modules/flatted/golang/pkg/flatted/flatted.go:37.31,38.16 1 0
github.com/btc/drill/v0/frontend/node_modules/flatted/golang/pkg/flatted/flatted.go:38.16,40.7 1 0
github.com/btc/drill/v0/frontend/node_modules/flatted/golang/pkg/flatted/flatted.go:41.11,43.59 2 0
github.com/btc/drill/v0/frontend/node_modules/flatted/golang/pkg/flatted/flatted.go:43.59,45.7 1 0
github.com/btc/drill/v0/frontend/node_modules/flatted/golang/pkg/flatted/flatted.go:48.4,48.19 1 0
github.com/btc/drill/v0/frontend/node_modules/flatted/golang/pkg/flatted/flatted.go:50.3,50.11 1 0
github.com/btc/drill/v0/frontend/node_modules/flatted/golang/pkg/flatted/flatted.go:53.2,53.31 1 0
github.com/btc/drill/v0/frontend/node_modules/flatted/golang/pkg/flatted/flatted.go:53.31,55.20 2 0
github.com/btc/drill/v0/frontend/node_modules/flatted/golang/pkg/flatted/flatted.go:55.20,57.4 1 0
github.com/btc/drill/v0/frontend/node_modules/flatted/golang/pkg/flatted/flatted.go:58.3,58.38 1 0
github.com/btc/drill/v0/frontend/node_modules/flatted/golang/pkg/flatted/flatted.go:58.38,60.4 1 0
github.com/btc/drill/v0/frontend/node_modules/flatted/golang/pkg/flatted/flatted.go:62.3,62.47 1 0
github.com/btc/drill/v0/frontend/node_modules/flatted/golang/pkg/flatted/flatted.go:62.47,64.4 1 0
github.com/btc/drill/v0/frontend/node_modules/flatted/golang/pkg/flatted/flatted.go:65.3,65.20 1 0
github.com/btc/drill/v0/frontend/node_modules/flatted/golang/pkg/flatted/flatted.go:66.37,68.34 2 0
github.com/btc/drill/v0/frontend/node_modules/flatted/golang/pkg/flatted/flatted.go:68.34,70.5 1 0
github.com/btc/drill/v0/frontend/node_modules/flatted/golang/pkg/flatted/flatted.go:71.4,71.14 1 0
github.com/btc/drill/v0/frontend/node_modules/flatted/golang/pkg/flatted/flatted.go:72.20,75.41 3 0
github.com/btc/drill/v0/frontend/node_modules/flatted/golang/pkg/flatted/flatted.go:75.41,77.5 1 0
github.com/btc/drill/v0/frontend/node_modules/flatted/golang/pkg/flatted/flatted.go:79.4,80.29 2 0
github.com/btc/drill/v0/frontend/node_modules/flatted/golang/pkg/flatted/flatted.go:80.29,82.20 2 0
github.com/btc/drill/v0/frontend/node_modules/flatted/golang/pkg/flatted/flatted.go:82.20,84.34 2 0
github.com/btc/drill/v0/frontend/node_modules/flatted/golang/pkg/flatted/flatted.go:84.34,85.20 1 0
github.com/btc/drill/v0/frontend/node_modules/flatted/golang/pkg/flatted/flatted.go:85.20,87.13 2 0
github.com/btc/drill/v0/frontend/node_modules/flatted/golang/pkg/flatted/flatted.go:90.6,90.16 1 0
github.com/btc/drill/v0/frontend/node_modules/flatted/golang/pkg/flatted/flatted.go:90.16,91.15 1 0
github.com/btc/drill/v0/frontend/node_modules/flatted/golang/pkg/flatted/flatted.go:94.5,94.53 1 0
github.com/btc/drill/v0/frontend/node_modules/flatted/golang/pkg/flatted/flatted.go:96.4,96.14 1 0
github.com/btc/drill/v0/frontend/node_modules/flatted/golang/pkg/flatted/flatted.go:97.23,100.39 3 0
github.com/btc/drill/v0/frontend/node_modules/flatted/golang/pkg/flatted/flatted.go:100.39,102.28 2 0
github.com/btc/drill/v0/frontend/node_modules/flatted/golang/pkg/flatted/flatted.go:102.28,103.14 1 0
github.com/btc/drill/v0/frontend/node_modules/flatted/golang/pkg/flatted/flatted.go:105.5,106.48 2 0
github.com/btc/drill/v0/frontend/node_modules/flatted/golang/pkg/flatted/flatted.go:106.48,108.6 1 0
github.com/btc/drill/v0/frontend/node_modules/flatted/golang/pkg/flatted/flatted.go:109.5,109.48 1 0
github.com/btc/drill/v0/frontend/node_modules/flatted/golang/pkg/flatted/flatted.go:111.4,111.14 1 0
github.com/btc/drill/v0/frontend/node_modules/flatted/golang/pkg/flatted/flatted.go:112.11,113.12 1 0
github.com/btc/drill/v0/frontend/node_modules/flatted/golang/pkg/flatted/flatted.go:117.2,119.34 3 0
github.com/btc/drill/v0/frontend/node_modules/flatted/golang/pkg/flatted/flatted.go:119.34,121.3 1 0
github.com/btc/drill/v0/frontend/node_modules/flatted/golang/pkg/flatted/flatted.go:123.2,126.33 4 0
github.com/btc/drill/v0/frontend/node_modules/flatted/golang/pkg/flatted/flatted.go:126.33,128.3 1 0
github.com/btc/drill/v0/frontend/node_modules/flatted/golang/pkg/flatted/flatted.go:128.8,128.37 1 0
github.com/btc/drill/v0/frontend/node_modules/flatted/golang/pkg/flatted/flatted.go:128.37,130.3 1 0
github.com/btc/drill/v0/frontend/node_modules/flatted/golang/pkg/flatted/flatted.go:132.2,132.18 1 0
github.com/btc/drill/v0/frontend/node_modules/flatted/golang/pkg/flatted/flatted.go:132.18,134.3 1 0
github.com/btc/drill/v0/frontend/node_modules/flatted/golang/pkg/flatted/flatted.go:134.8,136.3 1 0
github.com/btc/drill/v0/frontend/node_modules/flatted/golang/pkg/flatted/flatted.go:138.2,138.16 1 0
github.com/btc/drill/v0/frontend/node_modules/flatted/golang/pkg/flatted/flatted.go:138.16,140.3 1 0
github.com/btc/drill/v0/frontend/node_modules/flatted/golang/pkg/flatted/flatted.go:141.2,141.23 1 0
github.com/btc/drill/v0/frontend/node_modules/flatted/golang/pkg/flatted/flatted.go:145.79,147.65 2 0
github.com/btc/drill/v0/frontend/node_modules/flatted/golang/pkg/flatted/flatted.go:147.65,149.3 1 0
github.com/btc/drill/v0/frontend/node_modules/flatted/golang/pkg/flatted/flatted.go:151.2,152.25 2 0
github.com/btc/drill/v0/frontend/node_modules/flatted/golang/pkg/flatted/flatted.go:152.25,153.30 1 0
github.com/btc/drill/v0/frontend/node_modules/flatted/golang/pkg/flatted/flatted.go:153.30,155.4 1 0
github.com/btc/drill/v0/frontend/node_modules/flatted/golang/pkg/flatted/flatted.go:156.3,156.31 1 0
github.com/btc/drill/v0/frontend/node_modules/flatted/golang/pkg/flatted/flatted.go:156.31,157.29 1 0
github.com/btc/drill/v0/frontend/node_modules/flatted/golang/pkg/flatted/flatted.go:157.29,159.5 1 0
github.com/btc/drill/v0/frontend/node_modules/flatted/golang/pkg/flatted/flatted.go:160.4,160.14 1 0
github.com/btc/drill/v0/frontend/node_modules/flatted/golang/pkg/flatted/flatted.go:162.3,162.38 1 0
github.com/btc/drill/v0/frontend/node_modules/flatted/golang/pkg/flatted/flatted.go:162.38,163.27 1 0
github.com/btc/drill/v0/frontend/node_modules/flatted/golang/pkg/flatted/flatted.go:163.27,165.5 1 0
github.com/btc/drill/v0/frontend/node_modules/flatted/golang/pkg/flatted/flatted.go:166.4,166.12 1 0
github.com/btc/drill/v0/frontend/node_modules/flatted/golang/pkg/flatted/flatted.go:168.3,168.11 1 0
github.com/btc/drill/v0/frontend/node_modules/flatted/golang/pkg/flatted/flatted.go:171.2,172.30 2 0
github.com/btc/drill/v0/frontend/node_modules/flatted/golang/pkg/flatted/flatted.go:172.30,174.3 1 0
github.com/btc/drill/v0/frontend/node_modules/flatted/golang/pkg/flatted/flatted.go:176.2,177.28 2 0
github.com/btc/drill/v0/frontend/node_modules/flatted/golang/pkg/flatted/flatted.go:177.28,178.37 1 0
github.com/btc/drill/v0/frontend/node_modules/flatted/golang/pkg/flatted/flatted.go:178.37,180.4 1 0
github.com/btc/drill/v0/frontend/node_modules/flatted/golang/pkg/flatted/flatted.go:180.9,182.4 1 0
github.com/btc/drill/v0/frontend/node_modules/flatted/golang/pkg/flatted/flatted.go:185.2,185.21 1 0
github.com/btc/drill/v0/frontend/node_modules/flatted/golang/pkg/flatted/flatted.go:185.21,187.3 1 0
github.com/btc/drill/v0/frontend/node_modules/flatted/golang/pkg/flatted/flatted.go:189.2,191.78 3 0
github.com/btc/drill/v0/frontend/node_modules/flatted/golang/pkg/flatted/flatted.go:191.78,195.21 4 0
github.com/btc/drill/v0/frontend/node_modules/flatted/golang/pkg/flatted/flatted.go:195.21,197.4 1 0
github.com/btc/drill/v0/frontend/node_modules/flatted/golang/pkg/flatted/flatted.go:198.3,198.18 1 0
github.com/btc/drill/v0/frontend/node_modules/flatted/golang/pkg/flatted/flatted.go:201.2,201.20 1 0
github.com/btc/drill/v0/frontend/node_modules/flatted/golang/pkg/flatted/flatted.go:201.20,203.3 1 0
github.com/btc/drill/v0/frontend/node_modules/flatted/golang/pkg/flatted/flatted.go:204.2,204.19 1 0
github.com/btc/drill/v0/frontend/node_modules/flatted/golang/pkg/flatted/flatted.go:207.75,208.34 1 0
github.com/btc/drill/v0/frontend/node_modules/flatted/golang/pkg/flatted/flatted.go:208.34,209.25 1 0
github.com/btc/drill/v0/frontend/node_modules/flatted/golang/pkg/flatted/flatted.go:209.25,211.4 1 0
github.com/btc/drill/v0/frontend/node_modules/flatted/golang/pkg/flatted/flatted.go:212.8,212.48 1 0
github.com/btc/drill/v0/frontend/node_modules/flatted/golang/pkg/flatted/flatted.go:212.48,214.20 2 0
github.com/btc/drill/v0/frontend/node_modules/flatted/golang/pkg/flatted/flatted.go:214.20,216.4 1 0
github.com/btc/drill/v0/frontend/node_modules/flatted/golang/pkg/flatted/flatted.go:217.3,218.26 2 0
github.com/btc/drill/v0/frontend/node_modules/flatted/golang/pkg/flatted/flatted.go:218.26,220.4 1 0
github.com/btc/drill/v0/frontend/node_modules/flatted/golang/pkg/flatted/flatted.go:222.2,222.28 1 0
github.com/btc/drill/v0/frontend/node_modules/flatted/golang/pkg/flatted/flatted.go:225.61,226.34 1 0
github.com/btc/drill/v0/frontend/node_modules/flatted/golang/pkg/flatted/flatted.go:226.34,227.25 1 0
github.com/btc/drill/v0/frontend/node_modules/flatted/golang/pkg/flatted/flatted.go:227.25,228.38 1 0
github.com/btc/drill/v0/frontend/node_modules/flatted/golang/pkg/flatted/flatted.go:228.38,231.5 2 0
github.com/btc/drill/v0/frontend/node_modules/flatted/golang/pkg/flatted/flatted.go:233.3,233.13 1 0
github.com/btc/drill/v0/frontend/node_modules/flatted/golang/pkg/flatted/flatted.go:235.2,235.41 1 0
github.com/btc/drill/v0/frontend/node_modules/flatted/golang/pkg/flatted/flatted.go:235.41,236.23 1 0
github.com/btc/drill/v0/frontend/node_modules/flatted/golang/pkg/flatted/flatted.go:236.23,237.38 1 0
github.com/btc/drill/v0/frontend/node_modules/flatted/golang/pkg/flatted/flatted.go:237.38,240.5 2 0
github.com/btc/drill/v0/frontend/node_modules/flatted/golang/pkg/flatted/flatted.go:242.3,242.11 1 0
github.com/btc/drill/v0/frontend/node_modules/flatted/golang/pkg/flatted/flatted.go:244.2,244.14 1 0
github.com/btc/drill/v0/frontend/node_modules/flatted/golang/pkg/flatted/flatted.go:247.60,249.78 2 0
github.com/btc/drill/v0/frontend/node_modules/flatted/golang/pkg/flatted/flatted.go:249.78,251.16 2 0
github.com/btc/drill/v0/frontend/node_modules/flatted/golang/pkg/flatted/flatted.go:251.16,254.4 2 0
github.com/btc/drill/v0/frontend/node_modules/flatted/golang/pkg/flatted/flatted.go:256.2,256.14 1 0
github.com/btc/drill/v0/frontend/node_modules/flatted/golang/pkg/flatted/flatted.go:260.37,262.16 2 0
github.com/btc/drill/v0/frontend/node_modules/flatted/golang/pkg/flatted/flatted.go:262.16,264.3 1 0
github.com/btc/drill/v0/frontend/node_modules/flatted/golang/pkg/flatted/flatted.go:265.2,267.17 3 0
github.com/btc/drill/v0/frontend/node_modules/flatted/golang/pkg/flatted/flatted.go:271.39,273.16 2 0
github.com/btc/drill/v0/frontend/node_modules/flatted/golang/pkg/flatted/flatted.go:273.16,275.3 1 0
github.com/btc/drill/v0/frontend/node_modules/flatted/golang/pkg/flatted/flatted.go:276.2,276.30 1 0
github.com/btc/drill/internal/db/auth_sessions.sql.go:31.108,51.2 4 0
github.com/btc/drill/internal/db/auth_sessions.sql.go:57.78,60.2 2 0
github.com/btc/drill/internal/db/auth_sessions.sql.go:66.87,69.2 2 0
github.com/btc/drill/internal/db/auth_sessions.sql.go:96.114,115.2 4 0
github.com/btc/drill/internal/db/auth_sessions.sql.go:122.77,125.2 2 0
github.com/btc/drill/internal/db/db.go:20.28,22.2 1 0
github.com/btc/drill/internal/db/db.go:28.46,32.2 1 0
github.com/btc/drill/internal/db/oauth_accounts.sql.go:26.111,37.2 4 0
github.com/btc/drill/internal/db/oauth_accounts.sql.go:49.105,60.2 4 0
github.com/btc/drill/internal/db/oauth_accounts.sql.go:67.105,69.16 2 0
github.com/btc/drill/internal/db/oauth_accounts.sql.go:69.16,71.3 1 0
github.com/btc/drill/internal/db/oauth_accounts.sql.go:72.2,74.18 3 0
github.com/btc/drill/internal/db/oauth_accounts.sql.go:74.18,82.17 2 0
github.com/btc/drill/internal/db/oauth_accounts.sql.go:82.17,84.4 1 0
github.com/btc/drill/internal/db/oauth_accounts.sql.go:85.3,85.27 1 0
github.com/btc/drill/internal/db/oauth_accounts.sql.go:87.2,87.35 1 0
github.com/btc/drill/internal/db/oauth_accounts.sql.go:87.35,89.3 1 0
github.com/btc/drill/internal/db/oauth_accounts.sql.go:90.2,90.19 1 0
github.com/btc/drill/internal/db/questions.sql.go:20.74,25.2 4 0
github.com/btc/drill/internal/db/questions.sql.go:33.84,50.2 4 0
github.com/btc/drill/internal/db/questions.sql.go:70.90,72.16 2 0
github.com/btc/drill/internal/db/questions.sql.go:72.16,74.3 1 0
github.com/btc/drill/internal/db/questions.sql.go:75.2,77.18 3 0
github.com/btc/drill/internal/db/questions.sql.go:77.18,88.17 2 0
github.com/btc/drill/internal/db/questions.sql.go:88.17,90.4 1 0
github.com/btc/drill/internal/db/questions.sql.go:91.3,91.27 1 0
github.com/btc/drill/internal/db/questions.sql.go:93.2,93.35 1 0
github.com/btc/drill/internal/db/questions.sql.go:93.35,95.3 1 0
github.com/btc/drill/internal/db/questions.sql.go:96.2,96.19 1 0
github.com/btc/drill/internal/db/users.sql.go:26.97,43.2 4 0
github.com/btc/drill/internal/db/users.sql.go:57.87,74.2 4 0
github.com/btc/drill/internal/db/users.sql.go:81.83,98.2 4 0
github.com/btc/drill/internal/db/users.sql.go:105.99,122.2 4 0
github.com/btc/drill/internal/db/users.sql.go:129.80,146.2 4 0
github.com/btc/drill/internal/db/users.sql.go:153.96,170.2 4 0
github.com/btc/drill/internal/db/users.sql.go:177.75,180.2 2 0
github.com/btc/drill/internal/db/users.sql.go:187.75,190.2 2 0
github.com/btc/drill/internal/db/users.sql.go:202.95,205.2 2 0
github.com/btc/drill/internal/db/users.sql.go:212.76,215.2 2 0
github.com/btc/drill/internal/email/sender.go:28.42,29.37 1 0
github.com/btc/drill/internal/email/sender.go:29.37,32.3 2 0
github.com/btc/drill/internal/email/sender.go:33.2,33.30 1 0
github.com/btc/drill/internal/email/sender.go:42.57,45.2 2 0
github.com/btc/drill/internal/email/sender.go:47.70,49.20 2 0
github.com/btc/drill/internal/email/sender.go:49.20,51.3 1 0
github.com/btc/drill/internal/email/sender.go:52.2,53.16 2 0
github.com/btc/drill/internal/email/sender.go:53.16,55.3 1 0
github.com/btc/drill/internal/email/sender.go:56.2,57.12 2 0
github.com/btc/drill/internal/email/sender.go:66.32,68.2 1 1
github.com/btc/drill/internal/email/sender.go:70.64,76.2 5 1
github.com/btc/drill/internal/email/sender.go:78.33,82.2 3 1
github.com/btc/drill/internal/email/sender.go:84.36,88.2 3 1
github.com/btc/drill/internal/config/config.go:35.72,37.16 2 0
github.com/btc/drill/internal/config/config.go:37.16,39.3 1 0
github.com/btc/drill/internal/config/config.go:40.2,43.16 3 0
github.com/btc/drill/internal/config/config.go:43.16,45.3 1 0
github.com/btc/drill/internal/config/config.go:47.2,47.39 1 0
github.com/btc/drill/internal/config/config.go:47.39,50.3 2 0
github.com/btc/drill/internal/config/config.go:52.2,52.18 1 0
github.com/btc/drill/internal/config/config.go:104.37,106.2 1 1
github.com/btc/drill/internal/config/config.go:108.30,110.70 2 1
github.com/btc/drill/internal/config/config.go:110.70,112.3 1 1
github.com/btc/drill/internal/config/config.go:113.2,113.39 1 1
github.com/btc/drill/internal/config/config.go:113.39,115.3 1 1
github.com/btc/drill/internal/config/config.go:116.2,116.18 1 1
github.com/btc/drill/internal/config/config.go:119.34,120.28 1 1
github.com/btc/drill/internal/config/config.go:120.28,122.3 1 1
github.com/btc/drill/internal/config/config.go:123.2,123.26 1 1
github.com/btc/drill/internal/config/config.go:123.26,125.3 1 1
github.com/btc/drill/internal/config/config.go:126.2,126.35 1 1
github.com/btc/drill/internal/config/config.go:126.35,128.3 1 1
github.com/btc/drill/internal/config/config.go:129.2,129.36 1 1
github.com/btc/drill/internal/config/config.go:129.36,131.3 1 1
github.com/btc/drill/internal/config/config.go:132.2,132.12 1 1
github.com/btc/drill/internal/auth/keys.go:14.47,17.47 3 1
github.com/btc/drill/internal/auth/keys.go:17.47,18.32 1 0
github.com/btc/drill/internal/auth/keys.go:20.2,20.12 1 1
github.com/btc/drill/internal/auth/middleware.go:26.68,28.2 1 1
github.com/btc/drill/internal/auth/middleware.go:32.53,35.2 2 1
github.com/btc/drill/internal/auth/middleware.go:47.75,48.46 1 1
github.com/btc/drill/internal/auth/middleware.go:48.46,49.72 1 1
github.com/btc/drill/internal/auth/middleware.go:49.72,51.40 2 1
github.com/btc/drill/internal/auth/middleware.go:51.40,54.5 2 1
github.com/btc/drill/internal/auth/middleware.go:56.4,58.18 3 0
github.com/btc/drill/internal/auth/middleware.go:58.18,61.5 2 0
github.com/btc/drill/internal/auth/middleware.go:63.4,63.65 1 0
github.com/btc/drill/internal/auth/middleware.go:68.72,72.2 3 1
github.com/btc/drill/internal/auth/oauth.go:18.77,21.30 2 1
github.com/btc/drill/internal/auth/oauth.go:21.30,28.3 1 1
github.com/btc/drill/internal/auth/oauth.go:30.2,30.30 1 1
github.com/btc/drill/internal/auth/oauth.go:30.30,37.3 1 1
github.com/btc/drill/internal/auth/oauth.go:39.2,39.24 1 1
github.com/btc/drill/internal/auth/oauth.go:39.24,41.3 1 1
github.com/btc/drill/internal/auth/oauth.go:43.2,43.50 1 1
github.com/btc/drill/internal/auth/passwords.go:10.62,12.16 2 1
github.com/btc/drill/internal/auth/passwords.go:12.16,14.3 1 0
github.com/btc/drill/internal/auth/passwords.go:15.2,15.27 1 1
github.com/btc/drill/internal/auth/passwords.go:19.49,21.2 1 1
github.com/btc/drill/internal/auth/sessions.go:14.68,16.40 2 1
github.com/btc/drill/internal/auth/sessions.go:16.40,18.3 1 0
github.com/btc/drill/internal/auth/sessions.go:19.2,21.25 3 1
github.com/btc/drill/internal/auth/sessions.go:25.44,28.2 2 1
github.com/btc/drill/internal/auth/sessions.go:32.72,42.2 1 1
github.com/btc/drill/internal/auth/tokens.go:23.46,25.2 1 1
github.com/btc/drill/internal/auth/tokens.go:29.97,39.2 7 1
github.com/btc/drill/internal/auth/tokens.go:42.87,44.21 2 1
github.com/btc/drill/internal/auth/tokens.go:44.21,46.3 1 0
github.com/btc/drill/internal/auth/tokens.go:47.2,53.51 5 1
github.com/btc/drill/internal/auth/tokens.go:53.51,55.3 1 1
github.com/btc/drill/internal/auth/tokens.go:58.2,59.16 2 1
github.com/btc/drill/internal/auth/tokens.go:59.16,61.3 1 0
github.com/btc/drill/internal/auth/tokens.go:63.2,65.21 3 1
github.com/btc/drill/internal/auth/tokens.go:65.21,67.3 1 0
github.com/btc/drill/internal/auth/tokens.go:69.2,70.16 2 1
github.com/btc/drill/internal/auth/tokens.go:70.16,72.3 1 0
github.com/btc/drill/internal/auth/tokens.go:74.2,75.32 2 1
github.com/btc/drill/internal/auth/tokens.go:75.32,77.3 1 1
github.com/btc/drill/internal/auth/tokens.go:79.2,80.63 2 1
github.com/btc/drill/internal/auth/tokens.go:80.63,82.3 1 0
github.com/btc/drill/internal/auth/tokens.go:83.2,83.32 1 1
github.com/btc/drill/internal/auth/tokens.go:83.32,85.3 1 1
github.com/btc/drill/internal/auth/tokens.go:87.2,87.20 1 1
github.com/btc/drill/cmd/drill/main.go:29.13,35.30 3 0
github.com/btc/drill/cmd/drill/main.go:35.30,38.3 2 0
github.com/btc/drill/cmd/drill/main.go:41.18,45.2 3 0
github.com/btc/drill/cmd/drill/main.go:49.48,51.16 2 1
github.com/btc/drill/cmd/drill/main.go:51.16,53.3 1 0
github.com/btc/drill/cmd/drill/main.go:56.2,56.56 1 1
github.com/btc/drill/cmd/drill/main.go:56.56,58.3 1 0
github.com/btc/drill/cmd/drill/main.go:61.2,62.16 2 1
github.com/btc/drill/cmd/drill/main.go:62.16,64.3 1 0
github.com/btc/drill/cmd/drill/main.go:65.2,91.12 10 1
github.com/btc/drill/cmd/drill/main.go:91.12,93.77 2 1
github.com/btc/drill/cmd/drill/main.go:93.77,95.4 1 0
github.com/btc/drill/cmd/drill/main.go:98.2,98.9 1 1
github.com/btc/drill/cmd/drill/main.go:99.22,100.13 1 0
github.com/btc/drill/cmd/drill/main.go:101.20,106.51 5 1
github.com/btc/drill/cmd/drill/main.go:106.51,108.4 1 0
github.com/btc/drill/cmd/drill/main.go:109.3,111.13 2 1
github.com/btc/drill/cmd/drill/main.go:115.46,117.16 2 1
github.com/btc/drill/cmd/drill/main.go:117.16,119.3 1 0
github.com/btc/drill/cmd/drill/main.go:121.2,125.16 5 1
github.com/btc/drill/cmd/drill/main.go:125.16,127.3 1 0
github.com/btc/drill/cmd/drill/main.go:129.2,129.61 1 1
github.com/btc/drill/cmd/drill/main.go:129.61,131.3 1 0
github.com/btc/drill/cmd/drill/main.go:133.2,135.12 3 1
github.com/btc/drill/internal/jobs/send_email.go:21.41,23.2 1 1
github.com/btc/drill/internal/jobs/send_email.go:26.63,31.2 1 1
github.com/btc/drill/internal/jobs/send_email.go:40.82,42.2 1 1
github.com/btc/drill/internal/jobs/send_email.go:44.80,46.2 1 1
github.com/btc/drill/internal/jobs/send_email.go:48.90,49.23 1 1
github.com/btc/drill/internal/jobs/send_email.go:49.23,51.3 1 0
github.com/btc/drill/internal/jobs/send_email.go:52.2,58.16 2 1
github.com/btc/drill/internal/jobs/send_email.go:58.16,60.3 1 0
github.com/btc/drill/internal/jobs/send_email.go:61.2,61.12 1 1
github.com/btc/drill/internal/jobs/workers.go:10.78,14.2 3 1
github.com/btc/drill/internal/handler/admin.go:9.46,10.54 1 1
github.com/btc/drill/internal/handler/admin.go:10.54,16.3 2 0
github.com/btc/drill/internal/handler/auth.go:14.61,18.2 3 1
github.com/btc/drill/internal/handler/auth.go:21.50,22.54 1 1
github.com/btc/drill/internal/handler/auth.go:22.54,28.62 2 1
github.com/btc/drill/internal/handler/auth.go:28.62,31.4 2 0
github.com/btc/drill/internal/handler/auth.go:33.3,38.17 2 1
github.com/btc/drill/internal/handler/auth.go:38.17,39.11 1 1
github.com/btc/drill/internal/handler/auth.go:40.51,41.79 1 1
github.com/btc/drill/internal/handler/auth.go:42.51,43.81 1 0
github.com/btc/drill/internal/handler/auth.go:44.50,45.81 1 0
github.com/btc/drill/internal/handler/auth.go:46.12,47.95 1 0
github.com/btc/drill/internal/handler/auth.go:49.4,49.10 1 1
github.com/btc/drill/internal/handler/auth.go:52.3,55.5 1 1
github.com/btc/drill/internal/handler/auth.go:60.49,61.54 1 1
github.com/btc/drill/internal/handler/auth.go:61.54,66.62 2 1
github.com/btc/drill/internal/handler/auth.go:66.62,69.4 2 0
github.com/btc/drill/internal/handler/auth.go:71.3,77.17 2 1
github.com/btc/drill/internal/handler/auth.go:77.17,78.53 1 1
github.com/btc/drill/internal/handler/auth.go:78.53,80.5 1 1
github.com/btc/drill/internal/handler/auth.go:80.10,82.5 1 0
github.com/btc/drill/internal/handler/auth.go:83.4,83.10 1 1
github.com/btc/drill/internal/handler/auth.go:86.3,95.5 2 1
github.com/btc/drill/internal/handler/auth.go:100.50,101.54 1 1
github.com/btc/drill/internal/handler/auth.go:101.54,103.39 2 1
github.com/btc/drill/internal/handler/auth.go:103.39,107.4 2 0
github.com/btc/drill/internal/handler/auth.go:109.3,109.61 1 1
github.com/btc/drill/internal/handler/auth.go:109.61,111.4 1 0
github.com/btc/drill/internal/handler/auth.go:114.3,116.65 2 1
github.com/btc/drill/internal/handler/auth.go:121.55,122.54 1 1
github.com/btc/drill/internal/handler/auth.go:122.54,126.62 2 1
github.com/btc/drill/internal/handler/auth.go:126.62,129.4 2 0
github.com/btc/drill/internal/handler/auth.go:131.3,131.63 1 1
github.com/btc/drill/internal/handler/auth.go:131.63,132.47 1 0
github.com/btc/drill/internal/handler/auth.go:132.47,134.5 1 0
github.com/btc/drill/internal/handler/auth.go:134.10,136.5 1 0
github.com/btc/drill/internal/handler/auth.go:137.4,137.10 1 0
github.com/btc/drill/internal/handler/auth.go:140.3,140.77 1 1
github.com/btc/drill/internal/handler/auth.go:146.58,147.54 1 1
github.com/btc/drill/internal/handler/auth.go:147.54,151.62 2 1
github.com/btc/drill/internal/handler/auth.go:151.62,154.4 2 0
github.com/btc/drill/internal/handler/auth.go:156.3,157.61 2 1
github.com/btc/drill/internal/handler/auth.go:157.61,159.4 1 0
github.com/btc/drill/internal/handler/auth.go:161.3,161.111 1 1
github.com/btc/drill/internal/handler/auth.go:166.57,167.54 1 1
github.com/btc/drill/internal/handler/auth.go:167.54,172.62 2 1
github.com/btc/drill/internal/handler/auth.go:172.62,175.4 2 0
github.com/btc/drill/internal/handler/auth.go:177.3,180.18 1 1
github.com/btc/drill/internal/handler/auth.go:180.18,181.11 1 0
github.com/btc/drill/internal/handler/auth.go:182.51,183.81 1 0
github.com/btc/drill/internal/handler/auth.go:184.49,185.81 1 0
github.com/btc/drill/internal/handler/auth.go:186.12,187.95 1 0
github.com/btc/drill/internal/handler/auth.go:189.4,189.10 1 0
github.com/btc/drill/internal/handler/auth.go:192.3,192.77 1 1
github.com/btc/drill/internal/handler/health.go:11.50,12.54 1 1
github.com/btc/drill/internal/handler/health.go:12.54,16.37 3 1
github.com/btc/drill/internal/handler/health.go:16.37,18.4 1 0
github.com/btc/drill/internal/handler/health.go:20.3,22.12 3 1
github.com/btc/drill/internal/handler/health.go:22.12,25.4 2 0
github.com/btc/drill/internal/handler/health.go:27.3,32.5 3 1
github.com/btc/drill/internal/handler/oauth.go:16.54,17.54 1 1
github.com/btc/drill/internal/handler/oauth.go:17.54,19.55 2 0
github.com/btc/drill/internal/handler/oauth.go:19.55,22.4 2 0
github.com/btc/drill/internal/handler/oauth.go:25.3,29.32 4 0
github.com/btc/drill/internal/handler/oauth.go:35.57,36.54 1 1
github.com/btc/drill/internal/handler/oauth.go:36.54,38.55 2 0
github.com/btc/drill/internal/handler/oauth.go:38.55,41.4 2 0
github.com/btc/drill/internal/handler/oauth.go:44.3,49.17 5 0
github.com/btc/drill/internal/handler/oauth.go:49.17,53.4 3 0
github.com/btc/drill/internal/handler/oauth.go:55.3,65.17 3 0
github.com/btc/drill/internal/handler/oauth.go:65.17,69.4 3 0
github.com/btc/drill/internal/handler/oauth.go:71.3,78.26 3 0
github.com/btc/drill/internal/handler/oauth.go:78.26,80.4 1 0
github.com/btc/drill/internal/handler/oauth.go:81.3,81.53 1 0
github.com/btc/drill/internal/handler/oauth.go:87.45,88.18 1 0
github.com/btc/drill/internal/handler/oauth.go:88.18,90.3 1 0
github.com/btc/drill/internal/handler/oauth.go:91.2,91.19 1 0
github.com/btc/drill/internal/handler/routes.go:11.61,30.2 12 1
github.com/btc/drill/internal/handler/user.go:11.49,12.54 1 1
github.com/btc/drill/internal/handler/user.go:12.54,14.18 2 1
github.com/btc/drill/internal/handler/user.go:14.18,17.4 2 0
github.com/btc/drill/internal/handler/user.go:19.3,26.5 1 1
github.com/btc/drill/internal/backend/auth.go:66.86,71.62 3 1
github.com/btc/drill/internal/backend/auth.go:71.62,73.3 1 1
github.com/btc/drill/internal/backend/auth.go:74.2,74.59 1 1
github.com/btc/drill/internal/backend/auth.go:74.59,76.3 1 1
github.com/btc/drill/internal/backend/auth.go:79.2,80.16 2 1
github.com/btc/drill/internal/backend/auth.go:80.16,82.3 1 0
github.com/btc/drill/internal/backend/auth.go:85.2,86.16 2 1
github.com/btc/drill/internal/backend/auth.go:86.16,88.3 1 0
github.com/btc/drill/internal/backend/auth.go:89.2,97.16 4 1
github.com/btc/drill/internal/backend/auth.go:97.16,98.31 1 1
github.com/btc/drill/internal/backend/auth.go:98.31,100.4 1 1
github.com/btc/drill/internal/backend/auth.go:101.3,101.49 1 0
github.com/btc/drill/internal/backend/auth.go:105.2,107.16 3 1
github.com/btc/drill/internal/backend/auth.go:107.16,109.3 1 0
github.com/btc/drill/internal/backend/auth.go:110.2,117.16 3 1
github.com/btc/drill/internal/backend/auth.go:117.16,119.3 1 0
github.com/btc/drill/internal/backend/auth.go:121.2,121.39 1 1
github.com/btc/drill/internal/backend/auth.go:121.39,123.3 1 0
github.com/btc/drill/internal/backend/auth.go:125.2,128.8 1 1
github.com/btc/drill/internal/backend/auth.go:133.83,139.16 4 1
github.com/btc/drill/internal/backend/auth.go:139.16,142.37 2 1
github.com/btc/drill/internal/backend/auth.go:142.37,144.4 1 0
github.com/btc/drill/internal/backend/auth.go:145.3,145.36 1 1
github.com/btc/drill/internal/backend/auth.go:149.2,149.30 1 1
github.com/btc/drill/internal/backend/auth.go:149.30,152.3 2 1
github.com/btc/drill/internal/backend/auth.go:155.2,155.81 1 1
github.com/btc/drill/internal/backend/auth.go:155.81,157.3 1 1
github.com/btc/drill/internal/backend/auth.go:160.2,161.16 2 1
github.com/btc/drill/internal/backend/auth.go:161.16,163.3 1 0
github.com/btc/drill/internal/backend/auth.go:166.2,175.16 3 1
github.com/btc/drill/internal/backend/auth.go:175.16,177.3 1 0
github.com/btc/drill/internal/backend/auth.go:179.2,183.8 1 1
github.com/btc/drill/internal/backend/auth.go:188.74,193.16 4 1
github.com/btc/drill/internal/backend/auth.go:193.16,194.74 1 1
github.com/btc/drill/internal/backend/auth.go:194.74,196.4 1 0
github.com/btc/drill/internal/backend/auth.go:198.2,198.12 1 1
github.com/btc/drill/internal/backend/auth.go:203.72,206.16 3 1
github.com/btc/drill/internal/backend/auth.go:206.16,208.3 1 1
github.com/btc/drill/internal/backend/auth.go:210.2,211.61 2 1
github.com/btc/drill/internal/backend/auth.go:211.61,213.3 1 0
github.com/btc/drill/internal/backend/auth.go:214.2,214.12 1 1
github.com/btc/drill/internal/backend/auth.go:220.75,225.16 4 1
github.com/btc/drill/internal/backend/auth.go:225.16,226.36 1 1
github.com/btc/drill/internal/backend/auth.go:226.36,228.4 1 1
github.com/btc/drill/internal/backend/auth.go:229.3,229.61 1 0
github.com/btc/drill/internal/backend/auth.go:232.2,234.16 3 1
github.com/btc/drill/internal/backend/auth.go:234.16,236.3 1 0
github.com/btc/drill/internal/backend/auth.go:237.2,245.16 3 1
github.com/btc/drill/internal/backend/auth.go:245.16,247.3 1 0
github.com/btc/drill/internal/backend/auth.go:248.2,248.12 1 1
github.com/btc/drill/internal/backend/auth.go:254.83,255.62 1 1
github.com/btc/drill/internal/backend/auth.go:255.62,257.3 1 1
github.com/btc/drill/internal/backend/auth.go:259.2,261.16 3 1
github.com/btc/drill/internal/backend/auth.go:261.16,263.3 1 1
github.com/btc/drill/internal/backend/auth.go:265.2,266.16 2 1
github.com/btc/drill/internal/backend/auth.go:266.16,268.3 1 0
github.com/btc/drill/internal/backend/auth.go:270.2,274.17 2 1
github.com/btc/drill/internal/backend/auth.go:274.17,276.3 1 0
github.com/btc/drill/internal/backend/auth.go:279.2,279.68 1 1
github.com/btc/drill/internal/backend/auth.go:279.68,281.3 1 0
github.com/btc/drill/internal/backend/auth.go:282.2,282.12 1 1
github.com/btc/drill/internal/backend/auth.go:287.51,289.16 2 1
github.com/btc/drill/internal/backend/auth.go:289.16,292.3 1 1
github.com/btc/drill/internal/backend/auth.go:293.2,294.16 2 1
github.com/btc/drill/internal/backend/auth.go:294.16,296.3 1 1
github.com/btc/drill/internal/backend/auth.go:297.2,297.14 1 1
github.com/btc/drill/internal/backend/auth.go:302.42,304.28 2 1
github.com/btc/drill/internal/backend/auth.go:304.28,306.3 1 1
github.com/btc/drill/internal/backend/auth.go:307.2,307.14 1 1
github.com/btc/drill/internal/backend/backend.go:31.48,34.16 2 1
github.com/btc/drill/internal/backend/backend.go:34.16,36.3 1 0
github.com/btc/drill/internal/backend/backend.go:37.2,41.16 3 1
github.com/btc/drill/internal/backend/backend.go:41.16,44.3 2 0
github.com/btc/drill/internal/backend/backend.go:45.2,46.16 2 1
github.com/btc/drill/internal/backend/backend.go:46.16,49.3 2 0
github.com/btc/drill/internal/backend/backend.go:50.2,50.38 1 1
github.com/btc/drill/internal/backend/backend.go:50.38,52.3 1 1
github.com/btc/drill/internal/backend/backend.go:55.2,66.16 4 1
github.com/btc/drill/internal/backend/backend.go:66.16,69.3 2 0
github.com/btc/drill/internal/backend/backend.go:70.2,70.64 1 1
github.com/btc/drill/internal/backend/backend.go:70.64,73.3 2 0
github.com/btc/drill/internal/backend/backend.go:74.2,80.8 2 1
github.com/btc/drill/internal/backend/backend.go:85.49,85.64 1 0
github.com/btc/drill/internal/backend/backend.go:88.43,88.59 1 1
github.com/btc/drill/internal/backend/backend.go:91.40,91.57 1 0
github.com/btc/drill/internal/backend/backend.go:94.51,96.2 1 1
github.com/btc/drill/internal/backend/backend.go:101.102,104.16 3 0
github.com/btc/drill/internal/backend/backend.go:104.16,106.3 1 0
github.com/btc/drill/internal/backend/backend.go:109.2,109.12 1 0
github.com/btc/drill/internal/backend/backend.go:109.12,113.3 3 0
github.com/btc/drill/internal/backend/backend.go:115.2,122.8 1 0
github.com/btc/drill/internal/backend/backend.go:127.33,131.41 4 1
github.com/btc/drill/internal/backend/backend.go:131.41,133.3 1 0
github.com/btc/drill/internal/backend/backend.go:134.2,138.12 4 1
github.com/btc/drill/internal/backend/errors.go:20.52,21.70 1 1
github.com/btc/drill/internal/backend/errors.go:21.70,23.3 1 1
github.com/btc/drill/internal/backend/errors.go:24.2,24.12 1 1
github.com/btc/drill/internal/backend/oauth.go:40.98,42.2 1 1
github.com/btc/drill/internal/backend/oauth.go:44.121,48.16 3 1
github.com/btc/drill/internal/backend/oauth.go:48.16,50.3 1 0
github.com/btc/drill/internal/backend/oauth.go:51.2,60.16 4 1
github.com/btc/drill/internal/backend/oauth.go:60.16,63.17 2 1
github.com/btc/drill/internal/backend/oauth.go:63.17,65.4 1 0
github.com/btc/drill/internal/backend/oauth.go:66.3,67.27 2 1
github.com/btc/drill/internal/backend/oauth.go:67.27,68.63 1 1
github.com/btc/drill/internal/backend/oauth.go:68.63,70.5 1 0
github.com/btc/drill/internal/backend/oauth.go:71.4,71.24 1 1
github.com/btc/drill/internal/backend/oauth.go:73.3,74.17 2 1
github.com/btc/drill/internal/backend/oauth.go:74.17,76.4 1 0
github.com/btc/drill/internal/backend/oauth.go:77.3,77.40 1 1
github.com/btc/drill/internal/backend/oauth.go:77.40,79.4 1 0
github.com/btc/drill/internal/backend/oauth.go:80.3,81.21 2 1
github.com/btc/drill/internal/backend/oauth.go:83.2,83.36 1 1
github.com/btc/drill/internal/backend/oauth.go:83.36,85.3 1 0
github.com/btc/drill/internal/backend/oauth.go:88.2,89.16 2 1
github.com/btc/drill/internal/backend/oauth.go:89.16,93.27 2 1
github.com/btc/drill/internal/backend/oauth.go:93.27,94.63 1 0
github.com/btc/drill/internal/backend/oauth.go:94.63,96.5 1 0
github.com/btc/drill/internal/backend/oauth.go:97.4,97.24 1 0
github.com/btc/drill/internal/backend/oauth.go:98.9,98.33 1 1
github.com/btc/drill/internal/backend/oauth.go:98.33,100.64 1 1
github.com/btc/drill/internal/backend/oauth.go:100.64,102.5 1 0
github.com/btc/drill/internal/backend/oauth.go:106.3,111.17 2 1
github.com/btc/drill/internal/backend/oauth.go:111.17,112.32 1 0
github.com/btc/drill/internal/backend/oauth.go:112.32,116.16 2 0
github.com/btc/drill/internal/backend/oauth.go:116.16,118.6 1 0
github.com/btc/drill/internal/backend/oauth.go:119.5,119.47 1 0
github.com/btc/drill/internal/backend/oauth.go:121.4,121.72 1 0
github.com/btc/drill/internal/backend/oauth.go:124.3,125.17 2 1
github.com/btc/drill/internal/backend/oauth.go:125.17,127.4 1 0
github.com/btc/drill/internal/backend/oauth.go:128.3,128.40 1 1
github.com/btc/drill/internal/backend/oauth.go:128.40,130.4 1 0
github.com/btc/drill/internal/backend/oauth.go:131.3,132.21 2 1
github.com/btc/drill/internal/backend/oauth.go:134.2,134.36 1 1
github.com/btc/drill/internal/backend/oauth.go:134.36,136.3 1 0
github.com/btc/drill/internal/backend/oauth.go:139.2,143.16 2 1
github.com/btc/drill/internal/backend/oauth.go:143.16,144.31 1 0
github.com/btc/drill/internal/backend/oauth.go:144.31,149.4 2 0
github.com/btc/drill/internal/backend/oauth.go:150.3,150.68 1 0
github.com/btc/drill/internal/backend/oauth.go:153.2,158.16 2 1
github.com/btc/drill/internal/backend/oauth.go:158.16,159.31 1 0
github.com/btc/drill/internal/backend/oauth.go:159.31,163.4 2 0
github.com/btc/drill/internal/backend/oauth.go:164.3,164.71 1 0
github.com/btc/drill/internal/backend/oauth.go:167.2,168.16 2 1
github.com/btc/drill/internal/backend/oauth.go:168.16,170.3 1 0
github.com/btc/drill/internal/backend/oauth.go:171.2,171.39 1 1
github.com/btc/drill/internal/backend/oauth.go:171.39,173.3 1 0
github.com/btc/drill/internal/backend/oauth.go:174.2,175.20 2 1
github.com/btc/drill/internal/backend/oauth.go:180.151,182.16 2 1
github.com/btc/drill/internal/backend/oauth.go:182.16,184.3 1 0
github.com/btc/drill/internal/backend/oauth.go:186.2,195.16 3 1
github.com/btc/drill/internal/backend/oauth.go:195.16,197.3 1 0
github.com/btc/drill/internal/backend/oauth.go:199.2,204.8 1 1
